dataset/UKhousing/barnet.csv
"Name","URI","Region GSS code","Period","Sales volume","Reporting period","Average price All property types","Average price Detached houses","Average price Semi-detached houses","Average price Terraced houses","Average price Flats and maisonettes","Pivotable date"
Barnet,http://landregistry.data.gov.uk/id/region/barnet,E09000003,2015-03,421,monthly,473233,1090448,635735,480087,357215,2015-03-01
Barnet,http://landregistry.data.gov.uk/id/region/barnet,E09000003,2015-04,325,monthly,472033,1089069,633660,479078,356300,2015-04-01
Barnet,http://landregistry.data.gov.uk/id/region/barnet,E09000003,2015-05,375,monthly,466125,1071668,626030,473758,351775,2015-05-01
Barnet,http://landregistry.data.gov.uk/id/region/barnet,E09000003,2015-06,449,monthly,473322,1091938,637675,483160,355910,2015-06-01
Barnet,http://landregistry.data.gov.uk/id/region/barnet,E09000003,2015-07,470,monthly,470262,1081866,634563,480751,353307,2015-07-01
Barnet,http://landregistry.data.gov.uk/id/region/barnet,E09000003,2015-08,416,monthly,478796,1103206,647139,490844,358968,2015-08-01
Barnet,http://landregistry.data.gov.uk/id/region/barnet,E09000003,2015-09,440,monthly,484487,1120998,654659,495101,363466,2015-09-01
Barnet,http://landregistry.data.gov.uk/id/region/barnet,E09000003,2015-10,547,monthly,492110,1141615,665834,502713,368847,2015-10-01
Barnet,http://landregistry.data.gov.uk/id/region/barnet,E09000003,2015-11,506,monthly,499850,1162637,676887,509933,374523,2015-11-01
Barnet,http://landregistry.data.gov.uk/id/region/barnet,E09000003,2015-12,445,monthly,501293,1160857,679168,511797,375682,2015-12-01
Barnet,http://landregistry.data.gov.uk/id/region/barnet,E09000003,2016-01,357,monthly,512166,1182126,694981,522236,383941,2016-01-01
Barnet,http://landregistry.data.gov.uk/id/region/barnet,E09000003,2016-02,395,monthly,509863,1180030,692998,519940,381734,2016-02-01
Barnet,http://landregistry.data.gov.uk/id/region/barnet,E09000003,2016-03,891,monthly,513342,1194919,697680,523153,384083,2016-03-01
Barnet,http://landregistry.data.gov.uk/id/region/barnet,E09000003,2016-04,237,monthly,517408,1200941,699618,528269,387981,2016-04-01
Barnet,http://landregistry.data.gov.uk/id/region/barnet,E09000003,2016-05,396,monthly,533676,1220602,716204,544468,402699,2016-05-01
Barnet,http://landregistry.data.gov.uk/id/region/barnet,E09000003,2016-06,486,monthly,539830,1222678,721721,550797,408689,2016-06-01
Barnet,http://landregistry.data.gov.uk/id/region/barnet,E09000003,2016-07,395,monthly,535272,1211991,716824,546080,404961,2016-07-01
Barnet,http://landregistry.data.gov.uk/id/region/barnet,E09000003,2016-08,386,monthly,532358,1212466,715203,543278,401709,2016-08-01
Barnet,http://landregistry.data.gov.uk/id/region/barnet,E09000003,2016-09,436,monthly,534921,1217366,720384,545524,403338,2016-09-01
Barnet,http://landregistry.data.gov.uk/id/region/barnet,E09000003,2016-10,361,monthly,533793,1216054,718326,541711,403304,2016-10-01
Barnet,http://landregistry.data.gov.uk/id/region/barnet,E09000003,2016-11,376,monthly,526422,1204217,708125,532698,397969,2016-11-01
Barnet,http://landregistry.data.gov.uk/id/region/barnet,E09000003,2016-12,383,monthly,522223,1196164,700756,527204,395517,2016-12-01
Barnet,http://landregistry.data.gov.uk/id/region/barnet,E09000003,2017-01,251,monthly,532924,1220324,713775,538475,403865,2017-01-01
Barnet,http://landregistry.data.gov.uk/id/region/barnet,E09000003,2017-02,319,monthly,540501,1231744,720769,544565,411093,2017-02-01
Barnet,http://landregistry.data.gov.uk/id/region/barnet,E09000003,2017-03,405,monthly,549401,1251230,730939,552463,418582,2017-03-01
Barnet,http://landregistry.data.gov.uk/id/region/barnet,E09000003,2017-04,293,monthly,543699,1240969,721706,545441,414834,2017-04-01
Barnet,http://landregistry.data.gov.uk/id/region/barnet,E09000003,2017-05,353,monthly,544994,1240247,723533,546223,416122,2017-05-01
Barnet,http://landregistry.data.gov.uk/id/region/barnet,E09000003,2017-06,410,monthly,531344,1202074,704463,533338,406059,2017-06-01
Barnet,http://landregistry.data.gov.uk/id/region/barnet,E09000003,2017-07,325,monthly,527928,1186325,700921,530356,403493,2017-07-01
Barnet,http://landregistry.data.gov.uk/id/region/barnet,E09000003,2017-08,368,monthly,526223,1187082,700644,530974,400866,2017-08-01
Barnet,http://landregistry.data.gov.uk/id/region/barnet,E09000003,2017-09,328,monthly,537986,1221975,719229,542656,408783,2017-09-01
Barnet,http://landregistry.data.gov.uk/id/region/barnet,E09000003,2017-10,347,monthly,544090,1242901,729201,549199,412553,2017-10-01
Barnet,http://landregistry.data.gov.uk/id/region/barnet,E09000003,2017-11,319,monthly,541563,1236409,726954,546501,410448,2017-11-01
Barnet,http://landregistry.data.gov.uk/id/region/barnet,E09000003,2017-12,310,monthly,538718,1228867,722953,544788,408075,2017-12-01
Barnet,http://landregistry.data.gov.uk/id/region/barnet,E09000003,2018-01,247,monthly,531832,1208834,713515,537701,403149,2018-01-01
Barnet,http://landregistry.data.gov.uk/id/region/barnet,E09000003,2018-02,273,monthly,531736,1208247,712496,537030,403454,2018-02-01
Barnet,http://landregistry.data.gov.uk/id/region/barnet,E09000003,2018-03,314,monthly,538120,1218457,722966,544454,407851,2018-03-01
Barnet,http://landregistry.data.gov.uk/id/region/barnet,E09000003,2018-04,295,monthly,541502,1226979,729467,550605,409247,2018-04-01
Barnet,http://landregistry.data.gov.uk/id/region/barnet,E09000003,2018-05,245,monthly,533088,1209900,721338,544789,401379,2018-05-01
Barnet,http://landregistry.data.gov.uk/id/region/barnet,E09000003,2018-06,447,monthly,524702,1197156,711950,535295,394537,2018-06-01
Barnet,http://landregistry.data.gov.uk/id/region/barnet,E09000003,2018-07,335,monthly,523397,1202542,710594,533579,393139,2018-07-01
Barnet,http://landregistry.data.gov.uk/id/region/barnet,E09000003,2018-08,411,monthly,533715,1230886,724434,543374,400872,2018-08-01
Barnet,http://landregistry.data.gov.uk/id/region/barnet,E09000003,2018-09,349,monthly,534951,1237408,726657,545797,401208,2018-09-01
Barnet,http://landregistry.data.gov.uk/id/region/barnet,E09000003,2018-10,335,monthly,537114,1242955,729453,547353,402996,2018-10-01
Barnet,http://landregistry.data.gov.uk/id/region/barnet,E09000003,2018-11,319,monthly,534800,1246433,728806,545995,400028,2018-11-01
Barnet,http://landregistry.data.gov.uk/id/region/barnet,E09000003,2018-12,346,monthly,533634,1239375,726724,543711,399754,2018-12-01
Barnet,http://landregistry.data.gov.uk/id/region/barnet,E09000003,2019-01,291,monthly,528639,1228641,720885,538562,395770,2019-01-01
Barnet,http://landregistry.data.gov.uk/id/region/barnet,E09000003,2019-02,261,monthly,523679,1212146,711674,532090,393276,2019-02-01
Barnet,http://landregistry.data.gov.uk/id/region/barnet,E09000003,2019-03,290,monthly,516531,1197859,701904,526486,387430,2019-03-01
Barnet,http://landregistry.data.gov.uk/id/region/barnet,E09000003,2019-04,332,monthly,512302,1185721,694878,523723,384324,2019-04-01
Barnet,http://landregistry.data.gov.uk/id/region/barnet,E09000003,2019-05,335,monthly,504092,1163220,685380,517678,377219,2019-05-01
Barnet,http://landregistry.data.gov.uk/id/region/barnet,E09000003,2019-06,392,monthly,512471,1180090,697572,526822,383254,2019-06-01
Barnet,http://landregistry.data.gov.uk/id/region/barnet,E09000003,2019-07,334,monthly,514203,1180486,700638,528656,384554,2019-07-01
Barnet,http://landregistry.data.gov.uk/id/region/barnet,E09000003,2019-08,385,monthly,528555,1215808,721040,544675,394530,2019-08-01
Barnet,http://landregistry.data.gov.uk/id/region/barnet,E09000003,2019-09,298,monthly,530889,1225412,722905,547439,396282,2019-09-01
Barnet,http://landregistry.data.gov.uk/id/region/barnet,E09000003,2019-10,307,monthly,531182,1232730,726615,547484,395198,2019-10-01
Barnet,http://landregistry.data.gov.uk/id/region/barnet,E09000003,2019-11,313,monthly,530343,1234264,727744,545909,393911,2019-11-01
Barnet,http://landregistry.data.gov.uk/id/region/barnet,E09000003,2019-12,268,monthly,522633,1219239,719666,538473,387128,2019-12-01
Barnet,http://landregistry.data.gov.uk/id/region/barnet,E09000003,2020-01,242,monthly,521666,1215491,718067,538582,386262,2020-01-01
Barnet,http://landregistry.data.gov.uk/id/region/barnet,E09000003,2020-02,279,monthly,517312,1213989,712542,535031,382483,2020-02-01
Barnet,http://landregistry.data.gov.uk/id/region/barnet,E09000003,2020-03,307,monthly,522194,1229525,719973,539863,385752,2020-03-01
Barnet,http://landregistry.data.gov.uk/id/region/barnet,E09000003,2020-04,116,monthly,530635,1266958,731910,550160,390777,2020-04-01
Barnet,http://landregistry.data.gov.uk/id/region/barnet,E09000003,2020-05,83,monthly,527919,1259427,725927,544943,389836,2020-05-01
Barnet,http://landregistry.data.gov.uk/id/region/barnet,E09000003,2020-06,179,monthly,521636,1241807,720077,540882,384187,2020-06-01
Barnet,http://landregistry.data.gov.uk/id/region/barnet,E09000003,2020-07,252,monthly,519722,1224397,717715,539375,383192,2020-07-01
Barnet,http://landregistry.data.gov.uk/id/region/barnet,E09000003,2020-08,269,monthly,526871,1245385,732765,551036,386250,2020-08-01
Barnet,http://landregistry.data.gov.uk/id/region/barnet,E09000003,2020-09,343,monthly,532669,1268175,742808,558112,389457,2020-09-01
Barnet,http://landregistry.data.gov.uk/id/region/barnet,E09000003,2020-10,364,monthly,530707,1269037,743656,558649,386456,2020-10-01
Barnet,http://landregistry.data.gov.uk/id/region/barnet,E09000003,2020-11,361,monthly,529472,1266385,742782,558604,385098,2020-11-01
Barnet,http://landregistry.data.gov.uk/id/region/barnet,E09000003,2020-12,412,monthly,527971,1263815,742022,558648,383335,2020-12-01
Barnet,http://landregistry.data.gov.uk/id/region/barnet,E09000003,2021-01,332,monthly,539052,1291104,756346,569637,391763,2021-01-01
Barnet,http://landregistry.data.gov.uk/id/region/barnet,E09000003,2021-02,376,monthly,537915,1288780,753473,567862,391081,2021-02-01
Barnet,http://landregistry.data.gov.uk/id/region/barnet,E09000003,2021-03,596,monthly,542424,1298949,758022,572451,394522,2021-03-01
Barnet,http://landregistry.data.gov.uk/id/region/barnet,E09000003,2021-04,329,monthly,535433,1286010,747396,565131,389396,2021-04-01
Barnet,http://landregistry.data.gov.uk/id/region/barnet,E09000003,2021-05,264,monthly,537674,1295365,750671,567582,390652,2021-05-01
Barnet,http://landregistry.data.gov.uk/id/region/barnet,E09000003,2021-06,903,monthly,545184,1315814,761927,577470,395013,2021-06-01
Barnet,http://landregistry.data.gov.uk/id/region/barnet,E09000003,2021-07,37,monthly,546353,1328006,763192,576330,396117,2021-07-01
Barnet,http://landregistry.data.gov.uk/id/region/barnet,E09000003,2021-08,114,monthly,562925,1380086,789566,593283,406464,2021-08-01
Barnet,http://landregistry.data.gov.uk/id/region/barnet,E09000003,2021-09,188,monthly,559934,1382103,786128,588180,404051,2021-09-01
Barnet,http://landregistry.data.gov.uk/id/region/barnet,E09000003,2021-10,,monthly,562020,1391671,794151,591656,403202,2021-10-01
Barnet,http://landregistry.data.gov.uk/id/region/barnet,E09000003,2021-11,,monthly,564441,1390403,799666,593851,404959,2021-11-01
